// Jest Snapshot v1, https://goo.gl/fbAQLP

exports[`Leaderboard should render correct data in the table 1`] = `
<div>
  <div
    class="components-card is-size-medium woocommerce-table woocommerce-leaderboard css-1xs3c37-CardUI e1q7k77g0"
  >
    <div
      class="components-flex components-card__header is-size-medium e1q7k77g1 css-jsa6v9-Flex-HeaderUI eboqfv50"
    >
      <h2
        class="css-1ahfdc3-Text e15wbhsk0"
        size="20"
      />
      <div
        class="woocommerce-table__actions"
      />
    </div>
    <div
      class="components-card__body css-xmjzce-BodyUI e1q7k77g3"
    >
      <div
        aria-hidden="false"
        aria-labelledby="caption-0"
        class="woocommerce-table__table"
        role="group"
      >
        <table>
          <caption
            class="woocommerce-table__caption screen-reader-text"
            id="caption-0"
          >
            
          </caption>
          <tbody>
            <tr>
              <th
                class="woocommerce-table__header is-left-aligned"
                role="columnheader"
                scope="col"
              >
                <span
                  aria-hidden="false"
                >
                  Name
                </span>
              </th>
              <th
                class="woocommerce-table__header is-left-aligned"
                role="columnheader"
                scope="col"
              >
                <span
                  aria-hidden="false"
                >
                  Items sold
                </span>
              </th>
              <th
                class="woocommerce-table__header is-left-aligned"
                role="columnheader"
                scope="col"
              >
                <span
                  aria-hidden="false"
                >
                  Orders
                </span>
              </th>
              <th
                class="woocommerce-table__header is-left-aligned"
                role="columnheader"
                scope="col"
              >
                <span
                  aria-hidden="false"
                >
                  Net sales
                </span>
              </th>
            </tr>
            <tr>
              <th
                class="woocommerce-table__item is-left-aligned"
                scope="row"
              >
                <div>
                  <a
                    href="#"
                  >
                    awesome shirt
                  </a>
                </div>
              </th>
              <td
                class="woocommerce-table__item is-left-aligned"
              >
                <div>
                  1,000.00
                </div>
              </td>
              <td
                class="woocommerce-table__item is-left-aligned"
              >
                <div>
                  54.00
                </div>
              </td>
              <td
                class="woocommerce-table__item is-left-aligned"
              >
                <div>
                  $999.99
                </div>
              </td>
            </tr>
            <tr>
              <th
                class="woocommerce-table__item is-left-aligned"
                scope="row"
              >
                <div>
                  <a
                    href="#"
                  >
                    awesome pants
                  </a>
                </div>
              </th>
              <td
                class="woocommerce-table__item is-left-aligned"
              >
                <div>
                  90.00
                </div>
              </td>
              <td
                class="woocommerce-table__item is-left-aligned"
              >
                <div>
                  41.00
                </div>
              </td>
              <td
                class="woocommerce-table__item is-left-aligned"
              >
                <div>
                  $875.00
                </div>
              </td>
            </tr>
            <tr>
              <th
                class="woocommerce-table__item is-left-aligned"
                scope="row"
              >
                <div>
                  <a
                    href="#"
                  >
                    awesome hat
                  </a>
                </div>
              </th>
              <td
                class="woocommerce-table__item is-left-aligned"
              >
                <div>
                  55.00
                </div>
              </td>
              <td
                class="woocommerce-table__item is-left-aligned"
              >
                <div>
                  28.00
                </div>
              </td>
              <td
                class="woocommerce-table__item is-left-aligned"
              >
                <div>
                  $75.75
                </div>
              </td>
            </tr>
            <tr>
              <th
                class="woocommerce-table__item is-left-aligned"
                scope="row"
              >
                <div>
                  <a
                    href="#"
                  >
                    awesome sticker
                  </a>
                </div>
              </th>
              <td
                class="woocommerce-table__item is-left-aligned"
              >
                <div>
                  10.00
                </div>
              </td>
              <td
                class="woocommerce-table__item is-left-aligned"
              >
                <div>
                  14.00
                </div>
              </td>
              <td
                class="woocommerce-table__item is-left-aligned"
              >
                <div>
                  $24.50
                </div>
              </td>
            </tr>
            <tr>
              <th
                class="woocommerce-table__item is-left-aligned"
                scope="row"
              >
                <div>
                  <a
                    href="#"
                  >
                    awesome button
                  </a>
                </div>
              </th>
              <td
                class="woocommerce-table__item is-left-aligned"
              >
                <div>
                  1.00
                </div>
              </td>
              <td
                class="woocommerce-table__item is-left-aligned"
              >
                <div>
                  1.00
                </div>
              </td>
              <td
                class="woocommerce-table__item is-left-aligned"
              >
                <div>
                  $0.99
                </div>
              </td>
            </tr>
          </tbody>
        </table>
      </div>
    </div>
    <div
      class="components-flex components-card__footer is-size-medium e1q7k77g4 css-5hda2c-Flex-FooterUI eboqfv50"
    />
  </div>
</div>
`;

exports[`Leaderboard should render empty message when there are no rows 1`] = `
<div>
  <div
    class="components-card is-size-medium woocommerce-leaderboard css-1xs3c37-CardUI e1q7k77g0"
  >
    <div
      class="components-flex components-card__header is-size-medium e1q7k77g1 css-1ufeymn-Flex-HeaderUI eboqfv50"
    >
      <h3
        class="css-1ahfdc3-Text e15wbhsk0"
        size="20"
      />
    </div>
    <div
      class="components-card__body css-xmjzce-BodyUI e1q7k77g3"
    >
      <div
        class="woocommerce-table is-empty"
        style="--number-of-rows: 5;"
      >
        No data recorded for the selected time period.
      </div>
    </div>
  </div>
</div>
`;
