// Jest Snapshot v1, https://goo.gl/fbAQLP

exports[`Testing checkout sidebar Shows rate percentages after tax lines if the block is set to do so 1`] = `
<div>
  <div
    class="wc-block-components-totals-wrapper"
  />
  <div
    class="wc-block-components-totals-wrapper"
  >
    <div
      class="wc-block-components-totals-item"
    >
      <span
        class="wc-block-components-totals-item__label"
      >
        Subtotal
      </span>
      <span
        class="wc-block-formatted-money-amount wc-block-components-formatted-money-amount wc-block-components-totals-item__value"
      >
        $24.00
      </span>
      <div
        class="wc-block-components-totals-item__description"
      />
    </div>
  </div>
  <div
    class="wc-block-components-totals-wrapper"
  >
    <div
      class="wc-block-components-totals-coupon wc-block-components-panel"
    >
      <div>
        <button
          aria-expanded="false"
          class="wc-block-components-panel__button"
        >
          <svg
            aria-hidden="true"
            class="wc-block-components-panel__button-icon"
            focusable="false"
            height="24"
            role="img"
            viewBox="0 0 24 24"
            width="24"
            xmlns="http://www.w3.org/2000/svg"
          >
            <path
              d="M17 9.4L12 14 7 9.4l-1 1.2 6 5.4 6-5.4z"
            />
          </svg>
          <span
            aria-hidden="true"
          >
            Coupon code
          </span>
          <span
            class="screen-reader-text"
          >
            Apply a coupon code
          </span>
        </button>
      </div>
      <div
        class="wc-block-components-panel__content"
        hidden=""
      >
        <div
          class=""
        >
          <div
            aria-hidden="false"
            class=""
          >
            <div
              class="wc-block-components-totals-coupon__content"
            >
              <form
                class="wc-block-components-totals-coupon__form"
              >
                <div
                  class="wc-block-components-text-input wc-block-components-totals-coupon__input is-active"
                >
                  <input
                    aria-describedby="wc-block-components-totals-coupon__input-0"
                    aria-label="Enter code"
                    autocapitalize="off"
                    autocomplete="off"
                    id="wc-block-components-totals-coupon__input-0"
                    type="text"
                    value=""
                  />
                  <label
                    for="wc-block-components-totals-coupon__input-0"
                  >
                    Enter code
                  </label>
                </div>
                <button
                  class="components-button wc-block-components-button wc-block-components-totals-coupon__button"
                  disabled=""
                  type="submit"
                >
                  <span
                    class="wc-block-components-button__text"
                  >
                    Apply
                  </span>
                </button>
              </form>
            </div>
          </div>
        </div>
      </div>
    </div>
  </div>
  <div
    class="wc-block-components-totals-wrapper"
  >
    <div
      class="wc-block-components-totals-taxes"
    >
      <div
        class="wc-block-components-totals-item wc-block-components-totals-taxes__grouped-rate"
      >
        <span
          class="wc-block-components-totals-item__label"
        >
          Sales tax 20%
        </span>
        <span
          class="wc-block-formatted-money-amount wc-block-components-formatted-money-amount wc-block-components-totals-item__value"
        >
          $6.00
        </span>
        <div
          class="wc-block-components-totals-item__description"
        />
      </div>
       
    </div>
  </div>
  <div
    class="wc-block-components-totals-wrapper"
  >
    <div
      class="wc-block-components-totals-item wc-block-components-totals-footer-item"
    >
      <span
        class="wc-block-components-totals-item__label"
      >
        Total
      </span>
      <span
        class="wc-block-formatted-money-amount wc-block-components-formatted-money-amount wc-block-components-totals-item__value"
      >
        $30.00
      </span>
      <div
        class="wc-block-components-totals-item__description"
      />
    </div>
  </div>
</div>
`;
