// Jest Snapshot v1, https://goo.gl/fbAQLP

exports[`Checkout Block can be created 1`] = `
"<!-- wp:woocommerce/checkout -->
<div class=\\"wp-block-woocommerce-checkout is-loading\\" data-show-company-field=\\"false\\" data-require-company-field=\\"false\\" data-show-apartment-field=\\"true\\" data-show-phone-field=\\"true\\" data-require-phone-field=\\"false\\" data-show-policy-links=\\"true\\" data-show-return-to-cart=\\"true\\" data-cart-page-id=\\"0\\"></div>
<!-- /wp:woocommerce/checkout -->"
`;
