// Jest Snapshot v1, https://goo.gl/fbAQLP

exports[`Checkout Block can be created 1`] = `
"<!-- wp:woocommerce/checkout -->
<div class=\\"wp-block-woocommerce-checkout\\" data-use-shipping-as-billing=\\"true\\" data-show-company-field=\\"false\\" data-require-company-field=\\"false\\" data-show-address-2-field=\\"true\\" data-show-phone-field=\\"true\\" data-require-phone-field=\\"false\\">Checkout block coming soon to store near you</div>
<!-- /wp:woocommerce/checkout -->"
`;
